﻿[dotenv@17.3.1] injecting env (9) from .env.local -- tip: ΓÜÖ∩╕Å  load multiple .env files with { path: ['.env.local', '.env'] }

≡ƒÜÇ PART 1: TESTING RAG PIPELINE DIRECTLY
ΓòÉΓòÉΓòÉΓòÉΓòÉΓòÉΓòÉΓòÉΓòÉΓòÉΓòÉΓòÉΓòÉΓòÉΓòÉΓòÉΓòÉΓòÉΓòÉΓòÉΓòÉΓòÉΓòÉΓòÉΓòÉΓòÉΓòÉΓòÉΓòÉΓòÉΓòÉΓòÉΓòÉΓòÉΓòÉΓòÉΓòÉΓòÉΓòÉΓòÉΓòÉΓòÉΓòÉΓòÉΓòÉΓòÉΓòÉΓòÉΓòÉΓòÉΓòÉΓòÉΓòÉΓòÉΓòÉΓòÉΓòÉΓòÉΓòÉΓòÉΓòÉΓòÉΓòÉΓòÉΓòÉΓòÉΓòÉΓòÉΓòÉΓòÉ
Gemini rate limited, retrying in 2s... (attempt 1/3)
Gemini rate limited, retrying in 4s... (attempt 2/3)
Gemini rate limited, retrying in 8s... (attempt 3/3)
node.exe : Gemini error for PMAY-G (Awas Yojana): 
GoogleGenerativeAIFetchError: [GoogleGenerativeAI Error]: Error 
fetching from https://generativelanguage.googleapis.com/v1beta/mod
els/gemini-2.5-flash:generateContent: [429 Too Many Requests] You 
exceeded your current quota, please check your plan and billing 
details. For more information on this error, head to: 
https://ai.google.dev/gemini-api/docs/rate-limits. To monitor 
your current usage, head to: https://ai.dev/rate-limit. 
At C:\Program Files\nodejs\npx.ps1:29 char:3
+   & $NODE_EXE $NPX_CLI_JS $args
+   ~~~~~~~~~~~~~~~~~~~~~~~~~~~~~
    + CategoryInfo          : NotSpecified: (Gemini error 
fo...ev/rat    e-limit. :String) [], RemoteException
    + FullyQualifiedErrorId : NativeCommandError
 
* Quota exceeded for metric: generativelanguage.googleapis.com/gen
erate_content_free_tier_requests, limit: 20, model: 
gemini-2.5-flash
Please retry in 54.045649409s. [{"@type":"type.googleapis.com/goog
le.rpc.Help","links":[{"description":"Learn more about Gemini API 
quotas","url":"https://ai.google.dev/gemini-api/docs/rate-limits"}
]},{"@type":"type.googleapis.com/google.rpc.QuotaFailure","violati
ons":[{"quotaMetric":"generativelanguage.googleapis.com/generate_c
ontent_free_tier_requests","quotaId":"GenerateRequestsPerDayPerPro
jectPerModel-FreeTier","quotaDimensions":{"model":"gemini-2.5-flas
h","location":"global"},"quotaValue":"20"}]},{"@type":"type.google
apis.com/google.rpc.RetryInfo","retryDelay":"54s"}]
    at handleResponseNotOk (E:\schemesetu-ai\lib\node_modules\@goo
gle\generative-ai\dist\index.js:434:11)
    at process.processTicksAndRejections 
(node:internal/process/task_queues:105:5)
    at async makeRequest (E:\schemesetu-ai\lib\node_modules\@googl
e\generative-ai\dist\index.js:403:9)
    at async generateContent (E:\schemesetu-ai\lib\node_modules\@g
oogle\generative-ai\dist\index.js:867:22)
    at async retryGemini 
(E:\schemesetu-ai\lib\rag-pipeline.ts:73:14)
    at async queryMultiSchemeRAG 
(E:\schemesetu-ai\lib\rag-pipeline.ts:219:24)
    at async runTests 
(E:\schemesetu-ai\scripts\test-rag-and-api.ts:105:22) {
  status: 429,
  statusText: 'Too Many Requests',
  errorDetails: [
    { '@type': 'type.googleapis.com/google.rpc.Help', links: 
[Array] },
    {
      '@type': 'type.googleapis.com/google.rpc.QuotaFailure',
      violations: [Array]
    },
    {
      '@type': 'type.googleapis.com/google.rpc.RetryInfo',
      retryDelay: '54s'
    }
  ]
}
Gemini rate limited, retrying in 2s... (attempt 1/3)
Gemini rate limited, retrying in 4s... (attempt 2/3)
Gemini rate limited, retrying in 8s... (attempt 3/3)
Gemini error for MGNREGA: GoogleGenerativeAIFetchError: 
[GoogleGenerativeAI Error]: Error fetching from https://generative
language.googleapis.com/v1beta/models/gemini-2.5-flash:generateCon
tent: [429 Too Many Requests] You exceeded your current quota, 
please check your plan and billing details. For more information 
on this error, head to: 
https://ai.google.dev/gemini-api/docs/rate-limits. To monitor 
your current usage, head to: https://ai.dev/rate-limit. 
* Quota exceeded for metric: generativelanguage.googleapis.com/gen
erate_content_free_tier_requests, limit: 20, model: 
gemini-2.5-flash
Please retry in 22.981078908s. [{"@type":"type.googleapis.com/goog
le.rpc.Help","links":[{"description":"Learn more about Gemini API 
quotas","url":"https://ai.google.dev/gemini-api/docs/rate-limits"}
]},{"@type":"type.googleapis.com/google.rpc.QuotaFailure","violati
ons":[{"quotaMetric":"generativelanguage.googleapis.com/generate_c
ontent_free_tier_requests","quotaId":"GenerateRequestsPerDayPerPro
jectPerModel-FreeTier","quotaDimensions":{"location":"global","mod
el":"gemini-2.5-flash"},"quotaValue":"20"}]},{"@type":"type.google
apis.com/google.rpc.RetryInfo","retryDelay":"22s"}]
    at handleResponseNotOk (E:\schemesetu-ai\lib\node_modules\@goo
gle\generative-ai\dist\index.js:434:11)
    at process.processTicksAndRejections 
(node:internal/process/task_queues:105:5)
    at async makeRequest (E:\schemesetu-ai\lib\node_modules\@googl
e\generative-ai\dist\index.js:403:9)
    at async generateContent (E:\schemesetu-ai\lib\node_modules\@g
oogle\generative-ai\dist\index.js:867:22)
    at async retryGemini 
(E:\schemesetu-ai\lib\rag-pipeline.ts:73:14)
    at async queryMultiSchemeRAG 
(E:\schemesetu-ai\lib\rag-pipeline.ts:219:24)
    at async runTests 
(E:\schemesetu-ai\scripts\test-rag-and-api.ts:105:22) {
  status: 429,
  statusText: 'Too Many Requests',
  errorDetails: [
    { '@type': 'type.googleapis.com/google.rpc.Help', links: 
[Array] },
    {
      '@type': 'type.googleapis.com/google.rpc.QuotaFailure',
      violations: [Array]
    },
    {
      '@type': 'type.googleapis.com/google.rpc.RetryInfo',
      retryDelay: '22s'
    }
  ]
}

ΓòÉΓòÉΓòÉΓòÉΓòÉΓòÉΓòÉΓòÉΓòÉΓòÉΓòÉΓòÉΓòÉΓòÉΓòÉΓòÉΓòÉΓòÉΓòÉΓòÉΓòÉΓòÉΓòÉΓòÉΓòÉΓòÉΓòÉΓòÉΓòÉΓòÉΓòÉΓòÉΓòÉΓòÉΓòÉΓòÉΓòÉΓòÉΓòÉΓòÉΓòÉΓòÉΓòÉΓòÉΓòÉΓòÉΓòÉΓòÉΓòÉΓòÉΓòÉΓòÉΓòÉΓòÉΓòÉΓòÉΓòÉΓòÉΓòÉΓòÉΓòÉΓòÉΓòÉΓòÉΓòÉΓòÉΓòÉΓòÉΓòÉΓòÉ
≡ƒô¥ QUERY: "I'm a farmer with 2 acres of land in Maharashtra"
ΓöÇΓöÇΓöÇΓöÇΓöÇΓöÇΓöÇΓöÇΓöÇΓöÇΓöÇΓöÇΓöÇΓöÇΓöÇΓöÇΓöÇΓöÇΓöÇΓöÇΓöÇΓöÇΓöÇΓöÇΓöÇΓöÇΓöÇΓöÇΓöÇΓöÇΓöÇΓöÇΓöÇΓöÇΓöÇΓöÇΓöÇΓöÇΓöÇΓöÇΓöÇΓöÇΓöÇΓöÇΓöÇΓöÇΓöÇΓöÇΓöÇΓöÇΓöÇΓöÇΓöÇΓöÇΓöÇΓöÇΓöÇΓöÇΓöÇΓöÇΓöÇΓöÇΓöÇΓöÇΓöÇΓöÇΓöÇΓöÇΓöÇΓöÇ
Γ£à Matching Schemes: 2

  ≡ƒƒí MAYBE ΓÇö PM-KISAN (pm-kisan)
    Reason: We cannot say if you are eligible yet. You have land, but we need to know if the land was in your name before February 1, 2019, and if you have an Aadhaar card, a bank account linked to Aadhaar, and an active mobile number.
    Benefits: If eligible, you will receive Γé╣6,000 every year, paid in three installments of Γé╣2,000 each. These payments happen between April-July, August-November, and December-March.
    Documents: Aadhaar Card, Land ownership records (like Khatauni / Khasra / Revenue Land Passbook), Bank passbook or account details (Account Number + IFSC code), Active mobile number linked to Aadhaar
    Next Steps: Gather all the required documents listed above. ΓåÆ Visit the official PM-KISAN website or your local government agriculture office to find out how to apply.

  ≡ƒƒí MAYBE ΓÇö Ayushman Bharat (PMJAY) (ayushman)
    Reason: While the scheme covers Maharashtra and your 2 acres of land is below the exclusion, it's not clear if you own mechanized farming equipment which could make you ineligible. Also, your eligibility depends on details from the SECC 2011 database, which are not provided here.
    Benefits: If eligible, your family will get combined coverage of Rs 5,00,000 per year. This coverage is for hospitalization and surgery only, not for OPD visits or pharmacy purchases at home.
    Documents: 
    Next Steps: Register for an Ayushman Card in advance at a CSC (Common Service Centre) or using the Ayushman App. ΓåÆ For more help, call the Maharashtra helplines: 155388 or 1800-233-2200. ΓåÆ You can also email mjpjay@mahahealth.gov.in.

  Γ¢ö No Match: Atal Pension Yojana (APY)

  ≡ƒº¬ Validation: Γ£à PASSED (114847ms)
Gemini rate limited, retrying in 2s... (attempt 1/3)
Gemini rate limited, retrying in 4s... (attempt 2/3)
Gemini rate limited, retrying in 8s... (attempt 3/3)
Gemini error for MGNREGA: GoogleGenerativeAIFetchError: 
[GoogleGenerativeAI Error]: Error fetching from https://generative
language.googleapis.com/v1beta/models/gemini-2.5-flash:generateCon
tent: [429 Too Many Requests] You exceeded your current quota, 
please check your plan and billing details. For more information 
on this error, head to: 
https://ai.google.dev/gemini-api/docs/rate-limits. To monitor 
your current usage, head to: https://ai.dev/rate-limit. 
* Quota exceeded for metric: generativelanguage.googleapis.com/gen
erate_content_free_tier_requests, limit: 20, model: 
gemini-2.5-flash
Please retry in 47.531364703s. [{"@type":"type.googleapis.com/goog
le.rpc.Help","links":[{"description":"Learn more about Gemini API 
quotas","url":"https://ai.google.dev/gemini-api/docs/rate-limits"}
]},{"@type":"type.googleapis.com/google.rpc.QuotaFailure","violati
ons":[{"quotaMetric":"generativelanguage.googleapis.com/generate_c
ontent_free_tier_requests","quotaId":"GenerateRequestsPerDayPerPro
jectPerModel-FreeTier","quotaDimensions":{"location":"global","mod
el":"gemini-2.5-flash"},"quotaValue":"20"}]},{"@type":"type.google
apis.com/google.rpc.RetryInfo","retryDelay":"47s"}]
    at handleResponseNotOk (E:\schemesetu-ai\lib\node_modules\@goo
gle\generative-ai\dist\index.js:434:11)
    at process.processTicksAndRejections 
(node:internal/process/task_queues:105:5)
    at async makeRequest (E:\schemesetu-ai\lib\node_modules\@googl
e\generative-ai\dist\index.js:403:9)
    at async generateContent (E:\schemesetu-ai\lib\node_modules\@g
oogle\generative-ai\dist\index.js:867:22)
    at async retryGemini 
(E:\schemesetu-ai\lib\rag-pipeline.ts:73:14)
    at async queryMultiSchemeRAG 
(E:\schemesetu-ai\lib\rag-pipeline.ts:219:24)
    at async runTests 
(E:\schemesetu-ai\scripts\test-rag-and-api.ts:105:22) {
  status: 429,
  statusText: 'Too Many Requests',
  errorDetails: [
    { '@type': 'type.googleapis.com/google.rpc.Help', links: 
[Array] },
    {
      '@type': 'type.googleapis.com/google.rpc.QuotaFailure',
      violations: [Array]
    },
    {
      '@type': 'type.googleapis.com/google.rpc.RetryInfo',
      retryDelay: '47s'
    }
  ]
}
Gemini rate limited, retrying in 2s... (attempt 1/3)
Gemini rate limited, retrying in 4s... (attempt 2/3)
Gemini rate limited, retrying in 8s... (attempt 3/3)
Gemini error for Ayushman Bharat (PMJAY): 
GoogleGenerativeAIFetchError: [GoogleGenerativeAI Error]: Error 
fetching from https://generativelanguage.googleapis.com/v1beta/mod
els/gemini-2.5-flash:generateContent: [429 Too Many Requests] You 
exceeded your current quota, please check your plan and billing 
details. For more information on this error, head to: 
https://ai.google.dev/gemini-api/docs/rate-limits. To monitor 
your current usage, head to: https://ai.dev/rate-limit. 
* Quota exceeded for metric: generativelanguage.googleapis.com/gen
erate_content_free_tier_requests, limit: 20, model: 
gemini-2.5-flash
Please retry in 15.030096676s. [{"@type":"type.googleapis.com/goog
le.rpc.Help","links":[{"description":"Learn more about Gemini API 
quotas","url":"https://ai.google.dev/gemini-api/docs/rate-limits"}
]},{"@type":"type.googleapis.com/google.rpc.QuotaFailure","violati
ons":[{"quotaMetric":"generativelanguage.googleapis.com/generate_c
ontent_free_tier_requests","quotaId":"GenerateRequestsPerDayPerPro
jectPerModel-FreeTier","quotaDimensions":{"location":"global","mod
el":"gemini-2.5-flash"},"quotaValue":"20"}]},{"@type":"type.google
apis.com/google.rpc.RetryInfo","retryDelay":"15s"}]
    at handleResponseNotOk (E:\schemesetu-ai\lib\node_modules\@goo
gle\generative-ai\dist\index.js:434:11)
    at process.processTicksAndRejections 
(node:internal/process/task_queues:105:5)
    at async makeRequest (E:\schemesetu-ai\lib\node_modules\@googl
e\generative-ai\dist\index.js:403:9)
    at async generateContent (E:\schemesetu-ai\lib\node_modules\@g
oogle\generative-ai\dist\index.js:867:22)
    at async retryGemini 
(E:\schemesetu-ai\lib\rag-pipeline.ts:73:14)
    at async queryMultiSchemeRAG 
(E:\schemesetu-ai\lib\rag-pipeline.ts:219:24)
    at async runTests 
(E:\schemesetu-ai\scripts\test-rag-and-api.ts:105:22) {
  status: 429,
  statusText: 'Too Many Requests',
  errorDetails: [
    { '@type': 'type.googleapis.com/google.rpc.Help', links: 
[Array] },
    {
      '@type': 'type.googleapis.com/google.rpc.QuotaFailure',
      violations: [Array]
    },
    {
      '@type': 'type.googleapis.com/google.rpc.RetryInfo',
      retryDelay: '15s'
    }
  ]
}
Gemini rate limited, retrying in 2s... (attempt 1/3)
Gemini rate limited, retrying in 4s... (attempt 2/3)
Gemini rate limited, retrying in 8s... (attempt 3/3)
Gemini error for PMAY-G (Awas Yojana): 
GoogleGenerativeAIFetchError: [GoogleGenerativeAI Error]: Error 
fetching from https://generativelanguage.googleapis.com/v1beta/mod
els/gemini-2.5-flash:generateContent: [429 Too Many Requests] You 
exceeded your current quota, please check your plan and billing 
details. For more information on this error, head to: 
https://ai.google.dev/gemini-api/docs/rate-limits. To monitor 
your current usage, head to: https://ai.dev/rate-limit. 
* Quota exceeded for metric: generativelanguage.googleapis.com/gen
erate_content_free_tier_requests, limit: 20, model: 
gemini-2.5-flash
Please retry in 44.325040119s. [{"@type":"type.googleapis.com/goog
le.rpc.Help","links":[{"description":"Learn more about Gemini API 
quotas","url":"https://ai.google.dev/gemini-api/docs/rate-limits"}
]},{"@type":"type.googleapis.com/google.rpc.QuotaFailure","violati
ons":[{"quotaMetric":"generativelanguage.googleapis.com/generate_c
ontent_free_tier_requests","quotaId":"GenerateRequestsPerDayPerPro
jectPerModel-FreeTier","quotaDimensions":{"model":"gemini-2.5-flas
h","location":"global"},"quotaValue":"20"}]},{"@type":"type.google
apis.com/google.rpc.RetryInfo","retryDelay":"44s"}]
    at handleResponseNotOk (E:\schemesetu-ai\lib\node_modules\@goo
gle\generative-ai\dist\index.js:434:11)
    at process.processTicksAndRejections 
(node:internal/process/task_queues:105:5)
    at async makeRequest (E:\schemesetu-ai\lib\node_modules\@googl
e\generative-ai\dist\index.js:403:9)
    at async generateContent (E:\schemesetu-ai\lib\node_modules\@g
oogle\generative-ai\dist\index.js:867:22)
    at async retryGemini 
(E:\schemesetu-ai\lib\rag-pipeline.ts:73:14)
    at async queryMultiSchemeRAG 
(E:\schemesetu-ai\lib\rag-pipeline.ts:219:24)
    at async runTests 
(E:\schemesetu-ai\scripts\test-rag-and-api.ts:105:22) {
  status: 429,
  statusText: 'Too Many Requests',
  errorDetails: [
    { '@type': 'type.googleapis.com/google.rpc.Help', links: 
[Array] },
    {
      '@type': 'type.googleapis.com/google.rpc.QuotaFailure',
      violations: [Array]
    },
    {
      '@type': 'type.googleapis.com/google.rpc.RetryInfo',
      retryDelay: '44s'
    }
  ]
}
Gemini rate limited, retrying in 2s... (attempt 1/3)
Gemini rate limited, retrying in 4s... (attempt 2/3)
Gemini rate limited, retrying in 8s... (attempt 3/3)
Gemini error for PM-KISAN: GoogleGenerativeAIFetchError: 
[GoogleGenerativeAI Error]: Error fetching from https://generative
language.googleapis.com/v1beta/models/gemini-2.5-flash:generateCon
tent: [429 Too Many Requests] You exceeded your current quota, 
please check your plan and billing details. For more information 
on this error, head to: 
https://ai.google.dev/gemini-api/docs/rate-limits. To monitor 
your current usage, head to: https://ai.dev/rate-limit. 
* Quota exceeded for metric: generativelanguage.googleapis.com/gen
erate_content_free_tier_requests, limit: 20, model: 
gemini-2.5-flash
Please retry in 13.238985887s. [{"@type":"type.googleapis.com/goog
le.rpc.Help","links":[{"description":"Learn more about Gemini API 
quotas","url":"https://ai.google.dev/gemini-api/docs/rate-limits"}
]},{"@type":"type.googleapis.com/google.rpc.QuotaFailure","violati
ons":[{"quotaMetric":"generativelanguage.googleapis.com/generate_c
ontent_free_tier_requests","quotaId":"GenerateRequestsPerDayPerPro
jectPerModel-FreeTier","quotaDimensions":{"location":"global","mod
el":"gemini-2.5-flash"},"quotaValue":"20"}]},{"@type":"type.google
apis.com/google.rpc.RetryInfo","retryDelay":"13s"}]
    at handleResponseNotOk (E:\schemesetu-ai\lib\node_modules\@goo
gle\generative-ai\dist\index.js:434:11)
    at process.processTicksAndRejections 
(node:internal/process/task_queues:105:5)
    at async makeRequest (E:\schemesetu-ai\lib\node_modules\@googl
e\generative-ai\dist\index.js:403:9)
    at async generateContent (E:\schemesetu-ai\lib\node_modules\@g
oogle\generative-ai\dist\index.js:867:22)
    at async retryGemini 
(E:\schemesetu-ai\lib\rag-pipeline.ts:73:14)
    at async queryMultiSchemeRAG 
(E:\schemesetu-ai\lib\rag-pipeline.ts:219:24)
    at async runTests 
(E:\schemesetu-ai\scripts\test-rag-and-api.ts:105:22) {
  status: 429,
  statusText: 'Too Many Requests',
  errorDetails: [
    { '@type': 'type.googleapis.com/google.rpc.Help', links: 
[Array] },
    {
      '@type': 'type.googleapis.com/google.rpc.QuotaFailure',
      violations: [Array]
    },
    {
      '@type': 'type.googleapis.com/google.rpc.RetryInfo',
      retryDelay: '13s'
    }
  ]
}

ΓòÉΓòÉΓòÉΓòÉΓòÉΓòÉΓòÉΓòÉΓòÉΓòÉΓòÉΓòÉΓòÉΓòÉΓòÉΓòÉΓòÉΓòÉΓòÉΓòÉΓòÉΓòÉΓòÉΓòÉΓòÉΓòÉΓòÉΓòÉΓòÉΓòÉΓòÉΓòÉΓòÉΓòÉΓòÉΓòÉΓòÉΓòÉΓòÉΓòÉΓòÉΓòÉΓòÉΓòÉΓòÉΓòÉΓòÉΓòÉΓòÉΓòÉΓòÉΓòÉΓòÉΓòÉΓòÉΓòÉΓòÉΓòÉΓòÉΓòÉΓòÉΓòÉΓòÉΓòÉΓòÉΓòÉΓòÉΓòÉΓòÉΓòÉ
≡ƒô¥ QUERY: "I'm a 26-year-old woman, unemployed, no assets"
ΓöÇΓöÇΓöÇΓöÇΓöÇΓöÇΓöÇΓöÇΓöÇΓöÇΓöÇΓöÇΓöÇΓöÇΓöÇΓöÇΓöÇΓöÇΓöÇΓöÇΓöÇΓöÇΓöÇΓöÇΓöÇΓöÇΓöÇΓöÇΓöÇΓöÇΓöÇΓöÇΓöÇΓöÇΓöÇΓöÇΓöÇΓöÇΓöÇΓöÇΓöÇΓöÇΓöÇΓöÇΓöÇΓöÇΓöÇΓöÇΓöÇΓöÇΓöÇΓöÇΓöÇΓöÇΓöÇΓöÇΓöÇΓöÇΓöÇΓöÇΓöÇΓöÇΓöÇΓöÇΓöÇΓöÇΓöÇΓöÇΓöÇΓöÇ
Γ£à Matching Schemes: 0

  Γ¢ö No Match: Atal Pension Yojana (APY)

  ≡ƒº¬ Validation: Γ£à PASSED (129751ms)
Gemini rate limited, retrying in 2s... (attempt 1/3)
Gemini rate limited, retrying in 4s... (attempt 2/3)
Gemini rate limited, retrying in 8s... (attempt 3/3)
Gemini error for Ayushman Bharat (PMJAY): 
GoogleGenerativeAIFetchError: [GoogleGenerativeAI Error]: Error 
fetching from https://generativelanguage.googleapis.com/v1beta/mod
els/gemini-2.5-flash:generateContent: [429 Too Many Requests] You 
exceeded your current quota, please check your plan and billing 
details. For more information on this error, head to: 
https://ai.google.dev/gemini-api/docs/rate-limits. To monitor 
your current usage, head to: https://ai.dev/rate-limit. 
* Quota exceeded for metric: generativelanguage.googleapis.com/gen
erate_content_free_tier_requests, limit: 20, model: 
gemini-2.5-flash
Please retry in 27.61720917s. [{"@type":"type.googleapis.com/googl
e.rpc.Help","links":[{"description":"Learn more about Gemini API q
uotas","url":"https://ai.google.dev/gemini-api/docs/rate-limits"}]
},{"@type":"type.googleapis.com/google.rpc.QuotaFailure","violatio
ns":[{"quotaMetric":"generativelanguage.googleapis.com/generate_co
ntent_free_tier_requests","quotaId":"GenerateRequestsPerDayPerProj
ectPerModel-FreeTier","quotaDimensions":{"location":"global","mode
l":"gemini-2.5-flash"},"quotaValue":"20"}]},{"@type":"type.googlea
pis.com/google.rpc.RetryInfo","retryDelay":"27s"}]
    at handleResponseNotOk (E:\schemesetu-ai\lib\node_modules\@goo
gle\generative-ai\dist\index.js:434:11)
    at process.processTicksAndRejections 
(node:internal/process/task_queues:105:5)
    at async makeRequest (E:\schemesetu-ai\lib\node_modules\@googl
e\generative-ai\dist\index.js:403:9)
    at async generateContent (E:\schemesetu-ai\lib\node_modules\@g
oogle\generative-ai\dist\index.js:867:22)
    at async retryGemini 
(E:\schemesetu-ai\lib\rag-pipeline.ts:73:14)
    at async queryMultiSchemeRAG 
(E:\schemesetu-ai\lib\rag-pipeline.ts:219:24)
    at async runTests 
(E:\schemesetu-ai\scripts\test-rag-and-api.ts:105:22) {
  status: 429,
  statusText: 'Too Many Requests',
  errorDetails: [
    { '@type': 'type.googleapis.com/google.rpc.Help', links: 
[Array] },
    {
      '@type': 'type.googleapis.com/google.rpc.QuotaFailure',
      violations: [Array]
    },
    {
      '@type': 'type.googleapis.com/google.rpc.RetryInfo',
      retryDelay: '27s'
    }
  ]
}
Gemini rate limited, retrying in 2s... (attempt 1/3)
Gemini rate limited, retrying in 4s... (attempt 2/3)
Gemini rate limited, retrying in 8s... (attempt 3/3)
Gemini error for PMAY-G (Awas Yojana): 
GoogleGenerativeAIFetchError: [GoogleGenerativeAI Error]: Error 
fetching from https://generativelanguage.googleapis.com/v1beta/mod
els/gemini-2.5-flash:generateContent: [429 Too Many Requests] You 
exceeded your current quota, please check your plan and billing 
details. For more information on this error, head to: 
https://ai.google.dev/gemini-api/docs/rate-limits. To monitor 
your current usage, head to: https://ai.dev/rate-limit. 
* Quota exceeded for metric: generativelanguage.googleapis.com/gen
erate_content_free_tier_requests, limit: 20, model: 
gemini-2.5-flash
Please retry in 56.303658628s. [{"@type":"type.googleapis.com/goog
le.rpc.Help","links":[{"description":"Learn more about Gemini API 
quotas","url":"https://ai.google.dev/gemini-api/docs/rate-limits"}
]},{"@type":"type.googleapis.com/google.rpc.QuotaFailure","violati
ons":[{"quotaMetric":"generativelanguage.googleapis.com/generate_c
ontent_free_tier_requests","quotaId":"GenerateRequestsPerDayPerPro
jectPerModel-FreeTier","quotaDimensions":{"model":"gemini-2.5-flas
h","location":"global"},"quotaValue":"20"}]},{"@type":"type.google
apis.com/google.rpc.RetryInfo","retryDelay":"56s"}]
    at handleResponseNotOk (E:\schemesetu-ai\lib\node_modules\@goo
gle\generative-ai\dist\index.js:434:11)
    at process.processTicksAndRejections 
(node:internal/process/task_queues:105:5)
    at async makeRequest (E:\schemesetu-ai\lib\node_modules\@googl
e\generative-ai\dist\index.js:403:9)
    at async generateContent (E:\schemesetu-ai\lib\node_modules\@g
oogle\generative-ai\dist\index.js:867:22)
    at async retryGemini 
(E:\schemesetu-ai\lib\rag-pipeline.ts:73:14)
    at async queryMultiSchemeRAG 
(E:\schemesetu-ai\lib\rag-pipeline.ts:219:24)
    at async runTests 
(E:\schemesetu-ai\scripts\test-rag-and-api.ts:105:22) {
  status: 429,
  statusText: 'Too Many Requests',
  errorDetails: [
    { '@type': 'type.googleapis.com/google.rpc.Help', links: 
[Array] },
    {
      '@type': 'type.googleapis.com/google.rpc.QuotaFailure',
      violations: [Array]
    },
    {
      '@type': 'type.googleapis.com/google.rpc.RetryInfo',
      retryDelay: '56s'
    }
  ]
}
Gemini rate limited, retrying in 2s... (attempt 1/3)
Gemini rate limited, retrying in 4s... (attempt 2/3)
Gemini rate limited, retrying in 8s... (attempt 3/3)
Gemini error for MGNREGA: GoogleGenerativeAIFetchError: 
[GoogleGenerativeAI Error]: Error fetching from https://generative
language.googleapis.com/v1beta/models/gemini-2.5-flash:generateCon
tent: [429 Too Many Requests] You exceeded your current quota, 
please check your plan and billing details. For more information 
on this error, head to: 
https://ai.google.dev/gemini-api/docs/rate-limits. To monitor 
your current usage, head to: https://ai.dev/rate-limit. 
* Quota exceeded for metric: generativelanguage.googleapis.com/gen
erate_content_free_tier_requests, limit: 20, model: 
gemini-2.5-flash
Please retry in 25.599753413s. [{"@type":"type.googleapis.com/goog
le.rpc.Help","links":[{"description":"Learn more about Gemini API 
quotas","url":"https://ai.google.dev/gemini-api/docs/rate-limits"}
]},{"@type":"type.googleapis.com/google.rpc.QuotaFailure","violati
ons":[{"quotaMetric":"generativelanguage.googleapis.com/generate_c
ontent_free_tier_requests","quotaId":"GenerateRequestsPerDayPerPro
jectPerModel-FreeTier","quotaDimensions":{"location":"global","mod
el":"gemini-2.5-flash"},"quotaValue":"20"}]},{"@type":"type.google
apis.com/google.rpc.RetryInfo","retryDelay":"25s"}]
    at handleResponseNotOk (E:\schemesetu-ai\lib\node_modules\@goo
gle\generative-ai\dist\index.js:434:11)
    at process.processTicksAndRejections 
(node:internal/process/task_queues:105:5)
    at async makeRequest (E:\schemesetu-ai\lib\node_modules\@googl
e\generative-ai\dist\index.js:403:9)
    at async generateContent (E:\schemesetu-ai\lib\node_modules\@g
oogle\generative-ai\dist\index.js:867:22)
    at async retryGemini 
(E:\schemesetu-ai\lib\rag-pipeline.ts:73:14)
    at async queryMultiSchemeRAG 
(E:\schemesetu-ai\lib\rag-pipeline.ts:219:24)
    at async runTests 
(E:\schemesetu-ai\scripts\test-rag-and-api.ts:105:22) {
  status: 429,
  statusText: 'Too Many Requests',
  errorDetails: [
    { '@type': 'type.googleapis.com/google.rpc.Help', links: 
[Array] },
    {
      '@type': 'type.googleapis.com/google.rpc.QuotaFailure',
      violations: [Array]
    },
    {
      '@type': 'type.googleapis.com/google.rpc.RetryInfo',
      retryDelay: '25s'
    }
  ]
}
Gemini rate limited, retrying in 2s... (attempt 1/3)
Gemini rate limited, retrying in 4s... (attempt 2/3)
Gemini rate limited, retrying in 8s... (attempt 3/3)
Gemini error for PM-KISAN: GoogleGenerativeAIFetchError: 
[GoogleGenerativeAI Error]: Error fetching from https://generative
language.googleapis.com/v1beta/models/gemini-2.5-flash:generateCon
tent: [429 Too Many Requests] You exceeded your current quota, 
please check your plan and billing details. For more information 
on this error, head to: 
https://ai.google.dev/gemini-api/docs/rate-limits. To monitor 
your current usage, head to: https://ai.dev/rate-limit. 
* Quota exceeded for metric: generativelanguage.googleapis.com/gen
erate_content_free_tier_requests, limit: 20, model: 
gemini-2.5-flash
Please retry in 55.702326696s. [{"@type":"type.googleapis.com/goog
le.rpc.Help","links":[{"description":"Learn more about Gemini API 
quotas","url":"https://ai.google.dev/gemini-api/docs/rate-limits"}
]},{"@type":"type.googleapis.com/google.rpc.QuotaFailure","violati
ons":[{"quotaMetric":"generativelanguage.googleapis.com/generate_c
ontent_free_tier_requests","quotaId":"GenerateRequestsPerDayPerPro
jectPerModel-FreeTier","quotaDimensions":{"location":"global","mod
el":"gemini-2.5-flash"},"quotaValue":"20"}]},{"@type":"type.google
apis.com/google.rpc.RetryInfo","retryDelay":"55s"}]
    at handleResponseNotOk (E:\schemesetu-ai\lib\node_modules\@goo
gle\generative-ai\dist\index.js:434:11)
    at process.processTicksAndRejections 
(node:internal/process/task_queues:105:5)
    at async makeRequest (E:\schemesetu-ai\lib\node_modules\@googl
e\generative-ai\dist\index.js:403:9)
    at async generateContent (E:\schemesetu-ai\lib\node_modules\@g
oogle\generative-ai\dist\index.js:867:22)
    at async retryGemini 
(E:\schemesetu-ai\lib\rag-pipeline.ts:73:14)
    at async queryMultiSchemeRAG 
(E:\schemesetu-ai\lib\rag-pipeline.ts:219:24)
    at async runTests 
(E:\schemesetu-ai\scripts\test-rag-and-api.ts:105:22) {
  status: 429,
  statusText: 'Too Many Requests',
  errorDetails: [
    { '@type': 'type.googleapis.com/google.rpc.Help', links: 
[Array] },
    {
      '@type': 'type.googleapis.com/google.rpc.QuotaFailure',
      violations: [Array]
    },
    {
      '@type': 'type.googleapis.com/google.rpc.RetryInfo',
      retryDelay: '55s'
    }
  ]
}

ΓòÉΓòÉΓòÉΓòÉΓòÉΓòÉΓòÉΓòÉΓòÉΓòÉΓòÉΓòÉΓòÉΓòÉΓòÉΓòÉΓòÉΓòÉΓòÉΓòÉΓòÉΓòÉΓòÉΓòÉΓòÉΓòÉΓòÉΓòÉΓòÉΓòÉΓòÉΓòÉΓòÉΓòÉΓòÉΓòÉΓòÉΓòÉΓòÉΓòÉΓòÉΓòÉΓòÉΓòÉΓòÉΓòÉΓòÉΓòÉΓòÉΓòÉΓòÉΓòÉΓòÉΓòÉΓòÉΓòÉΓòÉΓòÉΓòÉΓòÉΓòÉΓòÉΓòÉΓòÉΓòÉΓòÉΓòÉΓòÉΓòÉΓòÉ
≡ƒô¥ QUERY: "I have no house, living in kutcha hut, no money"
ΓöÇΓöÇΓöÇΓöÇΓöÇΓöÇΓöÇΓöÇΓöÇΓöÇΓöÇΓöÇΓöÇΓöÇΓöÇΓöÇΓöÇΓöÇΓöÇΓöÇΓöÇΓöÇΓöÇΓöÇΓöÇΓöÇΓöÇΓöÇΓöÇΓöÇΓöÇΓöÇΓöÇΓöÇΓöÇΓöÇΓöÇΓöÇΓöÇΓöÇΓöÇΓöÇΓöÇΓöÇΓöÇΓöÇΓöÇΓöÇΓöÇΓöÇΓöÇΓöÇΓöÇΓöÇΓöÇΓöÇΓöÇΓöÇΓöÇΓöÇΓöÇΓöÇΓöÇΓöÇΓöÇΓöÇΓöÇΓöÇΓöÇΓöÇ
Γ£à Matching Schemes: 0

  Γ¢ö No Match: Atal Pension Yojana (APY)

  ≡ƒº¬ Validation: Γ£à PASSED (139476ms)
Gemini rate limited, retrying in 2s... (attempt 1/3)
Gemini rate limited, retrying in 4s... (attempt 2/3)
Gemini rate limited, retrying in 8s... (attempt 3/3)
Gemini error for Atal Pension Yojana (APY): 
GoogleGenerativeAIFetchError: [GoogleGenerativeAI Error]: Error 
fetching from https://generativelanguage.googleapis.com/v1beta/mod
els/gemini-2.5-flash:generateContent: [429 Too Many Requests] You 
exceeded your current quota, please check your plan and billing 
details. For more information on this error, head to: 
https://ai.google.dev/gemini-api/docs/rate-limits. To monitor 
your current usage, head to: https://ai.dev/rate-limit. 
* Quota exceeded for metric: generativelanguage.googleapis.com/gen
erate_content_free_tier_requests, limit: 20, model: 
gemini-2.5-flash
Please retry in 5.250017405s. [{"@type":"type.googleapis.com/googl
e.rpc.Help","links":[{"description":"Learn more about Gemini API q
uotas","url":"https://ai.google.dev/gemini-api/docs/rate-limits"}]
},{"@type":"type.googleapis.com/google.rpc.QuotaFailure","violatio
ns":[{"quotaMetric":"generativelanguage.googleapis.com/generate_co
ntent_free_tier_requests","quotaId":"GenerateRequestsPerDayPerProj
ectPerModel-FreeTier","quotaDimensions":{"model":"gemini-2.5-flash
","location":"global"},"quotaValue":"20"}]},{"@type":"type.googlea
pis.com/google.rpc.RetryInfo","retryDelay":"5s"}]
    at handleResponseNotOk (E:\schemesetu-ai\lib\node_modules\@goo
gle\generative-ai\dist\index.js:434:11)
    at process.processTicksAndRejections 
(node:internal/process/task_queues:105:5)
    at async makeRequest (E:\schemesetu-ai\lib\node_modules\@googl
e\generative-ai\dist\index.js:403:9)
    at async generateContent (E:\schemesetu-ai\lib\node_modules\@g
oogle\generative-ai\dist\index.js:867:22)
    at async retryGemini 
(E:\schemesetu-ai\lib\rag-pipeline.ts:73:14)
    at async queryMultiSchemeRAG 
(E:\schemesetu-ai\lib\rag-pipeline.ts:219:24)
    at async runTests 
(E:\schemesetu-ai\scripts\test-rag-and-api.ts:105:22) {
  status: 429,
  statusText: 'Too Many Requests',
  errorDetails: [
    { '@type': 'type.googleapis.com/google.rpc.Help', links: 
[Array] },
    {
      '@type': 'type.googleapis.com/google.rpc.QuotaFailure',
      violations: [Array]
    },
    {
      '@type': 'type.googleapis.com/google.rpc.RetryInfo',
      retryDelay: '5s'
    }
  ]
}
Gemini rate limited, retrying in 2s... (attempt 1/3)
Gemini rate limited, retrying in 4s... (attempt 2/3)
Gemini rate limited, retrying in 8s... (attempt 3/3)
Gemini error for PM-KISAN: GoogleGenerativeAIFetchError: 
[GoogleGenerativeAI Error]: Error fetching from https://generative
language.googleapis.com/v1beta/models/gemini-2.5-flash:generateCon
tent: [429 Too Many Requests] You exceeded your current quota, 
please check your plan and billing details. For more information 
on this error, head to: 
https://ai.google.dev/gemini-api/docs/rate-limits. To monitor 
your current usage, head to: https://ai.dev/rate-limit. 
* Quota exceeded for metric: generativelanguage.googleapis.com/gen
erate_content_free_tier_requests, limit: 20, model: 
gemini-2.5-flash
Please retry in 34.88201307s. [{"@type":"type.googleapis.com/googl
e.rpc.Help","links":[{"description":"Learn more about Gemini API q
uotas","url":"https://ai.google.dev/gemini-api/docs/rate-limits"}]
},{"@type":"type.googleapis.com/google.rpc.QuotaFailure","violatio
ns":[{"quotaMetric":"generativelanguage.googleapis.com/generate_co
ntent_free_tier_requests","quotaId":"GenerateRequestsPerDayPerProj
ectPerModel-FreeTier","quotaDimensions":{"model":"gemini-2.5-flash
","location":"global"},"quotaValue":"20"}]},{"@type":"type.googlea
pis.com/google.rpc.RetryInfo","retryDelay":"34s"}]
    at handleResponseNotOk (E:\schemesetu-ai\lib\node_modules\@goo
gle\generative-ai\dist\index.js:434:11)
    at process.processTicksAndRejections 
(node:internal/process/task_queues:105:5)
    at async makeRequest (E:\schemesetu-ai\lib\node_modules\@googl
e\generative-ai\dist\index.js:403:9)
    at async generateContent (E:\schemesetu-ai\lib\node_modules\@g
oogle\generative-ai\dist\index.js:867:22)
    at async retryGemini 
(E:\schemesetu-ai\lib\rag-pipeline.ts:73:14)
    at async queryMultiSchemeRAG 
(E:\schemesetu-ai\lib\rag-pipeline.ts:219:24)
    at async runTests 
(E:\schemesetu-ai\scripts\test-rag-and-api.ts:105:22) {
  status: 429,
  statusText: 'Too Many Requests',
  errorDetails: [
    { '@type': 'type.googleapis.com/google.rpc.Help', links: 
[Array] },
    {
      '@type': 'type.googleapis.com/google.rpc.QuotaFailure',
      violations: [Array]
    },
    {
      '@type': 'type.googleapis.com/google.rpc.RetryInfo',
      retryDelay: '34s'
    }
  ]
}
Gemini rate limited, retrying in 2s... (attempt 1/3)
Gemini rate limited, retrying in 4s... (attempt 2/3)
Gemini rate limited, retrying in 8s... (attempt 3/3)
Gemini error for MGNREGA: GoogleGenerativeAIFetchError: 
[GoogleGenerativeAI Error]: Error fetching from https://generative
language.googleapis.com/v1beta/models/gemini-2.5-flash:generateCon
tent: [429 Too Many Requests] You exceeded your current quota, 
please check your plan and billing details. For more information 
on this error, head to: 
https://ai.google.dev/gemini-api/docs/rate-limits. To monitor 
your current usage, head to: https://ai.dev/rate-limit. 
* Quota exceeded for metric: generativelanguage.googleapis.com/gen
erate_content_free_tier_requests, limit: 20, model: 
gemini-2.5-flash
Please retry in 4.273455479s. [{"@type":"type.googleapis.com/googl
e.rpc.Help","links":[{"description":"Learn more about Gemini API q
uotas","url":"https://ai.google.dev/gemini-api/docs/rate-limits"}]
},{"@type":"type.googleapis.com/google.rpc.QuotaFailure","violatio
ns":[{"quotaMetric":"generativelanguage.googleapis.com/generate_co
ntent_free_tier_requests","quotaId":"GenerateRequestsPerDayPerProj
ectPerModel-FreeTier","quotaDimensions":{"location":"global","mode
l":"gemini-2.5-flash"},"quotaValue":"20"}]},{"@type":"type.googlea
pis.com/google.rpc.RetryInfo","retryDelay":"4s"}]
    at handleResponseNotOk (E:\schemesetu-ai\lib\node_modules\@goo
gle\generative-ai\dist\index.js:434:11)
    at process.processTicksAndRejections 
(node:internal/process/task_queues:105:5)
    at async makeRequest (E:\schemesetu-ai\lib\node_modules\@googl
e\generative-ai\dist\index.js:403:9)
    at async generateContent (E:\schemesetu-ai\lib\node_modules\@g
oogle\generative-ai\dist\index.js:867:22)
    at async retryGemini 
(E:\schemesetu-ai\lib\rag-pipeline.ts:73:14)
    at async queryMultiSchemeRAG 
(E:\schemesetu-ai\lib\rag-pipeline.ts:219:24)
    at async runTests 
(E:\schemesetu-ai\scripts\test-rag-and-api.ts:105:22) {
  status: 429,
  statusText: 'Too Many Requests',
  errorDetails: [
    { '@type': 'type.googleapis.com/google.rpc.Help', links: 
[Array] },
    {
      '@type': 'type.googleapis.com/google.rpc.QuotaFailure',
      violations: [Array]
    },
    {
      '@type': 'type.googleapis.com/google.rpc.RetryInfo',
      retryDelay: '4s'
    }
  ]
}
Gemini rate limited, retrying in 2s... (attempt 1/3)
Gemini rate limited, retrying in 4s... (attempt 2/3)
Gemini rate limited, retrying in 8s... (attempt 3/3)
Gemini error for PMAY-G (Awas Yojana): 
GoogleGenerativeAIFetchError: [GoogleGenerativeAI Error]: Error 
fetching from https://generativelanguage.googleapis.com/v1beta/mod
els/gemini-2.5-flash:generateContent: [429 Too Many Requests] You 
exceeded your current quota, please check your plan and billing 
details. For more information on this error, head to: 
https://ai.google.dev/gemini-api/docs/rate-limits. To monitor 
your current usage, head to: https://ai.dev/rate-limit. 
* Quota exceeded for metric: generativelanguage.googleapis.com/gen
erate_content_free_tier_requests, limit: 20, model: 
gemini-2.5-flash
Please retry in 29.035274301s. [{"@type":"type.googleapis.com/goog
le.rpc.Help","links":[{"description":"Learn more about Gemini API 
quotas","url":"https://ai.google.dev/gemini-api/docs/rate-limits"}
]},{"@type":"type.googleapis.com/google.rpc.QuotaFailure","violati
ons":[{"quotaMetric":"generativelanguage.googleapis.com/generate_c
ontent_free_tier_requests","quotaId":"GenerateRequestsPerDayPerPro
jectPerModel-FreeTier","quotaDimensions":{"location":"global","mod
el":"gemini-2.5-flash"},"quotaValue":"20"}]},{"@type":"type.google
apis.com/google.rpc.RetryInfo","retryDelay":"29s"}]
    at handleResponseNotOk (E:\schemesetu-ai\lib\node_modules\@goo
gle\generative-ai\dist\index.js:434:11)
    at process.processTicksAndRejections 
(node:internal/process/task_queues:105:5)
    at async makeRequest (E:\schemesetu-ai\lib\node_modules\@googl
e\generative-ai\dist\index.js:403:9)
    at async generateContent (E:\schemesetu-ai\lib\node_modules\@g
oogle\generative-ai\dist\index.js:867:22)
    at async retryGemini 
(E:\schemesetu-ai\lib\rag-pipeline.ts:73:14)
    at async queryMultiSchemeRAG 
(E:\schemesetu-ai\lib\rag-pipeline.ts:219:24)
    at async runTests 
(E:\schemesetu-ai\scripts\test-rag-and-api.ts:105:22) {
  status: 429,
  statusText: 'Too Many Requests',
  errorDetails: [
    { '@type': 'type.googleapis.com/google.rpc.Help', links: 
[Array] },
    {
      '@type': 'type.googleapis.com/google.rpc.QuotaFailure',
      violations: [Array]
    },
    {
      '@type': 'type.googleapis.com/google.rpc.RetryInfo',
      retryDelay: '29s'
    }
  ]
}

ΓòÉΓòÉΓòÉΓòÉΓòÉΓòÉΓòÉΓòÉΓòÉΓòÉΓòÉΓòÉΓòÉΓòÉΓòÉΓòÉΓòÉΓòÉΓòÉΓòÉΓòÉΓòÉΓòÉΓòÉΓòÉΓòÉΓòÉΓòÉΓòÉΓòÉΓòÉΓòÉΓòÉΓòÉΓòÉΓòÉΓòÉΓòÉΓòÉΓòÉΓòÉΓòÉΓòÉΓòÉΓòÉΓòÉΓòÉΓòÉΓòÉΓòÉΓòÉΓòÉΓòÉΓòÉΓòÉΓòÉΓòÉΓòÉΓòÉΓòÉΓòÉΓòÉΓòÉΓòÉΓòÉΓòÉΓòÉΓòÉΓòÉΓòÉ
≡ƒô¥ QUERY: "I'm 35 years old, want monthly pension, have bank account"
ΓöÇΓöÇΓöÇΓöÇΓöÇΓöÇΓöÇΓöÇΓöÇΓöÇΓöÇΓöÇΓöÇΓöÇΓöÇΓöÇΓöÇΓöÇΓöÇΓöÇΓöÇΓöÇΓöÇΓöÇΓöÇΓöÇΓöÇΓöÇΓöÇΓöÇΓöÇΓöÇΓöÇΓöÇΓöÇΓöÇΓöÇΓöÇΓöÇΓöÇΓöÇΓöÇΓöÇΓöÇΓöÇΓöÇΓöÇΓöÇΓöÇΓöÇΓöÇΓöÇΓöÇΓöÇΓöÇΓöÇΓöÇΓöÇΓöÇΓöÇΓöÇΓöÇΓöÇΓöÇΓöÇΓöÇΓöÇΓöÇΓöÇΓöÇ
Γ£à Matching Schemes: 0

  Γ¢ö No Match: Ayushman Bharat (PMJAY)

  ≡ƒº¬ Validation: Γ£à PASSED (144733ms)
Gemini rate limited, retrying in 2s... (attempt 1/3)
Gemini rate limited, retrying in 4s... (attempt 2/3)
Gemini rate limited, retrying in 8s... (attempt 3/3)
Gemini error for PM-KISAN: GoogleGenerativeAIFetchError: 
[GoogleGenerativeAI Error]: Error fetching from https://generative
language.googleapis.com/v1beta/models/gemini-2.5-flash:generateCon
tent: [429 Too Many Requests] You exceeded your current quota, 
please check your plan and billing details. For more information 
on this error, head to: 
https://ai.google.dev/gemini-api/docs/rate-limits. To monitor 
your current usage, head to: https://ai.dev/rate-limit. 
* Quota exceeded for metric: generativelanguage.googleapis.com/gen
erate_content_free_tier_requests, limit: 20, model: 
gemini-2.5-flash
Please retry in 44.805439205s. [{"@type":"type.googleapis.com/goog
le.rpc.Help","links":[{"description":"Learn more about Gemini API 
quotas","url":"https://ai.google.dev/gemini-api/docs/rate-limits"}
]},{"@type":"type.googleapis.com/google.rpc.QuotaFailure","violati
ons":[{"quotaMetric":"generativelanguage.googleapis.com/generate_c
ontent_free_tier_requests","quotaId":"GenerateRequestsPerDayPerPro
jectPerModel-FreeTier","quotaDimensions":{"location":"global","mod
el":"gemini-2.5-flash"},"quotaValue":"20"}]},{"@type":"type.google
apis.com/google.rpc.RetryInfo","retryDelay":"44s"}]
    at handleResponseNotOk (E:\schemesetu-ai\lib\node_modules\@goo
gle\generative-ai\dist\index.js:434:11)
    at process.processTicksAndRejections 
(node:internal/process/task_queues:105:5)
    at async makeRequest (E:\schemesetu-ai\lib\node_modules\@googl
e\generative-ai\dist\index.js:403:9)
    at async generateContent (E:\schemesetu-ai\lib\node_modules\@g
oogle\generative-ai\dist\index.js:867:22)
    at async retryGemini 
(E:\schemesetu-ai\lib\rag-pipeline.ts:73:14)
    at async queryMultiSchemeRAG 
(E:\schemesetu-ai\lib\rag-pipeline.ts:219:24)
    at async runTests 
(E:\schemesetu-ai\scripts\test-rag-and-api.ts:105:22) {
  status: 429,
  statusText: 'Too Many Requests',
  errorDetails: [
    { '@type': 'type.googleapis.com/google.rpc.Help', links: 
[Array] },
    {
      '@type': 'type.googleapis.com/google.rpc.QuotaFailure',
      violations: [Array]
    },
    {
      '@type': 'type.googleapis.com/google.rpc.RetryInfo',
      retryDelay: '44s'
    }
  ]
}
Gemini rate limited, retrying in 2s... (attempt 1/3)
Gemini rate limited, retrying in 4s... (attempt 2/3)
Gemini rate limited, retrying in 8s... (attempt 3/3)
Gemini error for PMAY-G (Awas Yojana): 
GoogleGenerativeAIFetchError: [GoogleGenerativeAI Error]: Error 
fetching from https://generativelanguage.googleapis.com/v1beta/mod
els/gemini-2.5-flash:generateContent: [429 Too Many Requests] You 
exceeded your current quota, please check your plan and billing 
details. For more information on this error, head to: 
https://ai.google.dev/gemini-api/docs/rate-limits. To monitor 
your current usage, head to: https://ai.dev/rate-limit. 
* Quota exceeded for metric: generativelanguage.googleapis.com/gen
erate_content_free_tier_requests, limit: 20, model: 
gemini-2.5-flash
Please retry in 9.583843664s. [{"@type":"type.googleapis.com/googl
e.rpc.Help","links":[{"description":"Learn more about Gemini API q
uotas","url":"https://ai.google.dev/gemini-api/docs/rate-limits"}]
},{"@type":"type.googleapis.com/google.rpc.QuotaFailure","violatio
ns":[{"quotaMetric":"generativelanguage.googleapis.com/generate_co
ntent_free_tier_requests","quotaId":"GenerateRequestsPerDayPerProj
ectPerModel-FreeTier","quotaDimensions":{"model":"gemini-2.5-flash
","location":"global"},"quotaValue":"20"}]},{"@type":"type.googlea
pis.com/google.rpc.RetryInfo","retryDelay":"9s"}]
    at handleResponseNotOk (E:\schemesetu-ai\lib\node_modules\@goo
gle\generative-ai\dist\index.js:434:11)
    at process.processTicksAndRejections 
(node:internal/process/task_queues:105:5)
    at async makeRequest (E:\schemesetu-ai\lib\node_modules\@googl
e\generative-ai\dist\index.js:403:9)
    at async generateContent (E:\schemesetu-ai\lib\node_modules\@g
oogle\generative-ai\dist\index.js:867:22)
    at async retryGemini 
(E:\schemesetu-ai\lib\rag-pipeline.ts:73:14)
    at async queryMultiSchemeRAG 
(E:\schemesetu-ai\lib\rag-pipeline.ts:219:24)
    at async runTests 
(E:\schemesetu-ai\scripts\test-rag-and-api.ts:105:22) {
  status: 429,
  statusText: 'Too Many Requests',
  errorDetails: [
    { '@type': 'type.googleapis.com/google.rpc.Help', links: 
[Array] },
    {
      '@type': 'type.googleapis.com/google.rpc.QuotaFailure',
      violations: [Array]
    },
    {
      '@type': 'type.googleapis.com/google.rpc.RetryInfo',
      retryDelay: '9s'
    }
  ]
}
Gemini rate limited, retrying in 2s... (attempt 1/3)
Gemini rate limited, retrying in 4s... (attempt 2/3)
Gemini rate limited, retrying in 8s... (attempt 3/3)
Gemini error for MGNREGA: GoogleGenerativeAIFetchError: 
[GoogleGenerativeAI Error]: Error fetching from https://generative
language.googleapis.com/v1beta/models/gemini-2.5-flash:generateCon
tent: [429 Too Many Requests] You exceeded your current quota, 
please check your plan and billing details. For more information 
on this error, head to: 
https://ai.google.dev/gemini-api/docs/rate-limits. To monitor 
your current usage, head to: https://ai.dev/rate-limit. 
* Quota exceeded for metric: generativelanguage.googleapis.com/gen
erate_content_free_tier_requests, limit: 20, model: 
gemini-2.5-flash
Please retry in 39.253891043s. [{"@type":"type.googleapis.com/goog
le.rpc.Help","links":[{"description":"Learn more about Gemini API 
quotas","url":"https://ai.google.dev/gemini-api/docs/rate-limits"}
]},{"@type":"type.googleapis.com/google.rpc.QuotaFailure","violati
ons":[{"quotaMetric":"generativelanguage.googleapis.com/generate_c
ontent_free_tier_requests","quotaId":"GenerateRequestsPerDayPerPro
jectPerModel-FreeTier","quotaDimensions":{"location":"global","mod
el":"gemini-2.5-flash"},"quotaValue":"20"}]},{"@type":"type.google
apis.com/google.rpc.RetryInfo","retryDelay":"39s"}]
    at handleResponseNotOk (E:\schemesetu-ai\lib\node_modules\@goo
gle\generative-ai\dist\index.js:434:11)
    at process.processTicksAndRejections 
(node:internal/process/task_queues:105:5)
    at async makeRequest (E:\schemesetu-ai\lib\node_modules\@googl
e\generative-ai\dist\index.js:403:9)
    at async generateContent (E:\schemesetu-ai\lib\node_modules\@g
oogle\generative-ai\dist\index.js:867:22)
    at async retryGemini 
(E:\schemesetu-ai\lib\rag-pipeline.ts:73:14)
    at async queryMultiSchemeRAG 
(E:\schemesetu-ai\lib\rag-pipeline.ts:219:24)
    at async runTests 
(E:\schemesetu-ai\scripts\test-rag-and-api.ts:105:22) {
  status: 429,
  statusText: 'Too Many Requests',
  errorDetails: [
    { '@type': 'type.googleapis.com/google.rpc.Help', links: 
[Array] },
    {
      '@type': 'type.googleapis.com/google.rpc.QuotaFailure',
      violations: [Array]
    },
    {
      '@type': 'type.googleapis.com/google.rpc.RetryInfo',
      retryDelay: '39s'
    }
  ]
}
Gemini rate limited, retrying in 2s... (attempt 1/3)
Gemini rate limited, retrying in 4s... (attempt 2/3)
Gemini rate limited, retrying in 8s... (attempt 3/3)
Gemini error for Ayushman Bharat (PMJAY): 
GoogleGenerativeAIFetchError: [GoogleGenerativeAI Error]: Error 
fetching from https://generativelanguage.googleapis.com/v1beta/mod
els/gemini-2.5-flash:generateContent: [429 Too Many Requests] You 
exceeded your current quota, please check your plan and billing 
details. For more information on this error, head to: 
https://ai.google.dev/gemini-api/docs/rate-limits. To monitor 
your current usage, head to: https://ai.dev/rate-limit. 
* Quota exceeded for metric: generativelanguage.googleapis.com/gen
erate_content_free_tier_requests, limit: 20, model: 
gemini-2.5-flash
Please retry in 7.50322027s. [{"@type":"type.googleapis.com/google
.rpc.Help","links":[{"description":"Learn more about Gemini API qu
otas","url":"https://ai.google.dev/gemini-api/docs/rate-limits"}]}
,{"@type":"type.googleapis.com/google.rpc.QuotaFailure","violation
s":[{"quotaMetric":"generativelanguage.googleapis.com/generate_con
tent_free_tier_requests","quotaId":"GenerateRequestsPerDayPerProje
ctPerModel-FreeTier","quotaDimensions":{"location":"global","model
":"gemini-2.5-flash"},"quotaValue":"20"}]},{"@type":"type.googleap
is.com/google.rpc.RetryInfo","retryDelay":"7s"}]
    at handleResponseNotOk (E:\schemesetu-ai\lib\node_modules\@goo
gle\generative-ai\dist\index.js:434:11)
    at process.processTicksAndRejections 
(node:internal/process/task_queues:105:5)
    at async makeRequest (E:\schemesetu-ai\lib\node_modules\@googl
e\generative-ai\dist\index.js:403:9)
    at async generateContent (E:\schemesetu-ai\lib\node_modules\@g
oogle\generative-ai\dist\index.js:867:22)
    at async retryGemini 
(E:\schemesetu-ai\lib\rag-pipeline.ts:73:14)
    at async queryMultiSchemeRAG 
(E:\schemesetu-ai\lib\rag-pipeline.ts:219:24)
    at async runTests 
(E:\schemesetu-ai\scripts\test-rag-and-api.ts:105:22) {
  status: 429,
  statusText: 'Too Many Requests',
  errorDetails: [
    { '@type': 'type.googleapis.com/google.rpc.Help', links: 
[Array] },
    {
      '@type': 'type.googleapis.com/google.rpc.QuotaFailure',
      violations: [Array]
    },
    {
      '@type': 'type.googleapis.com/google.rpc.RetryInfo',
      retryDelay: '7s'
    }
  ]
}
Gemini rate limited, retrying in 2s... (attempt 1/3)
Gemini rate limited, retrying in 4s... (attempt 2/3)
Gemini rate limited, retrying in 8s... (attempt 3/3)
Gemini error for Atal Pension Yojana (APY): 
GoogleGenerativeAIFetchError: [GoogleGenerativeAI Error]: Error 
fetching from https://generativelanguage.googleapis.com/v1beta/mod
els/gemini-2.5-flash:generateContent: [429 Too Many Requests] You 
exceeded your current quota, please check your plan and billing 
details. For more information on this error, head to: 
https://ai.google.dev/gemini-api/docs/rate-limits. To monitor 
your current usage, head to: https://ai.dev/rate-limit. 
* Quota exceeded for metric: generativelanguage.googleapis.com/gen
erate_content_free_tier_requests, limit: 20, model: 
gemini-2.5-flash
Please retry in 37.853715984s. [{"@type":"type.googleapis.com/goog
le.rpc.Help","links":[{"description":"Learn more about Gemini API 
quotas","url":"https://ai.google.dev/gemini-api/docs/rate-limits"}
]},{"@type":"type.googleapis.com/google.rpc.QuotaFailure","violati
ons":[{"quotaMetric":"generativelanguage.googleapis.com/generate_c
ontent_free_tier_requests","quotaId":"GenerateRequestsPerDayPerPro
jectPerModel-FreeTier","quotaDimensions":{"location":"global","mod
el":"gemini-2.5-flash"},"quotaValue":"20"}]},{"@type":"type.google
apis.com/google.rpc.RetryInfo","retryDelay":"37s"}]
    at handleResponseNotOk (E:\schemesetu-ai\lib\node_modules\@goo
gle\generative-ai\dist\index.js:434:11)
    at process.processTicksAndRejections 
(node:internal/process/task_queues:105:5)
    at async makeRequest (E:\schemesetu-ai\lib\node_modules\@googl
e\generative-ai\dist\index.js:403:9)
    at async generateContent (E:\schemesetu-ai\lib\node_modules\@g
oogle\generative-ai\dist\index.js:867:22)
    at async retryGemini 
(E:\schemesetu-ai\lib\rag-pipeline.ts:73:14)
    at async queryMultiSchemeRAG 
(E:\schemesetu-ai\lib\rag-pipeline.ts:219:24)
    at async runTests 
(E:\schemesetu-ai\scripts\test-rag-and-api.ts:105:22) {
  status: 429,
  statusText: 'Too Many Requests',
  errorDetails: [
    { '@type': 'type.googleapis.com/google.rpc.Help', links: 
[Array] },
    {
      '@type': 'type.googleapis.com/google.rpc.QuotaFailure',
      violations: [Array]
    },
    {
      '@type': 'type.googleapis.com/google.rpc.RetryInfo',
      retryDelay: '37s'
    }
  ]
}

ΓòÉΓòÉΓòÉΓòÉΓòÉΓòÉΓòÉΓòÉΓòÉΓòÉΓòÉΓòÉΓòÉΓòÉΓòÉΓòÉΓòÉΓòÉΓòÉΓòÉΓòÉΓòÉΓòÉΓòÉΓòÉΓòÉΓòÉΓòÉΓòÉΓòÉΓòÉΓòÉΓòÉΓòÉΓòÉΓòÉΓòÉΓòÉΓòÉΓòÉΓòÉΓòÉΓòÉΓòÉΓòÉΓòÉΓòÉΓòÉΓòÉΓòÉΓòÉΓòÉΓòÉΓòÉΓòÉΓòÉΓòÉΓòÉΓòÉΓòÉΓòÉΓòÉΓòÉΓòÉΓòÉΓòÉΓòÉΓòÉΓòÉΓòÉ
≡ƒô¥ QUERY: "I'm a government employee working in Delhi"
ΓöÇΓöÇΓöÇΓöÇΓöÇΓöÇΓöÇΓöÇΓöÇΓöÇΓöÇΓöÇΓöÇΓöÇΓöÇΓöÇΓöÇΓöÇΓöÇΓöÇΓöÇΓöÇΓöÇΓöÇΓöÇΓöÇΓöÇΓöÇΓöÇΓöÇΓöÇΓöÇΓöÇΓöÇΓöÇΓöÇΓöÇΓöÇΓöÇΓöÇΓöÇΓöÇΓöÇΓöÇΓöÇΓöÇΓöÇΓöÇΓöÇΓöÇΓöÇΓöÇΓöÇΓöÇΓöÇΓöÇΓöÇΓöÇΓöÇΓöÇΓöÇΓöÇΓöÇΓöÇΓöÇΓöÇΓöÇΓöÇΓöÇΓöÇ
Γ£à Matching Schemes: 0

  ≡ƒº¬ Validation: Γ£à PASSED (171252ms)


≡ƒº¬ PART 2: EDGE CASE TESTS
ΓòÉΓòÉΓòÉΓòÉΓòÉΓòÉΓòÉΓòÉΓòÉΓòÉΓòÉΓòÉΓòÉΓòÉΓòÉΓòÉΓòÉΓòÉΓòÉΓòÉΓòÉΓòÉΓòÉΓòÉΓòÉΓòÉΓòÉΓòÉΓòÉΓòÉΓòÉΓòÉΓòÉΓòÉΓòÉΓòÉΓòÉΓòÉΓòÉΓòÉΓòÉΓòÉΓòÉΓòÉΓòÉΓòÉΓòÉΓòÉΓòÉΓòÉΓòÉΓòÉΓòÉΓòÉΓòÉΓòÉΓòÉΓòÉΓòÉΓòÉΓòÉΓòÉΓòÉΓòÉΓòÉΓòÉΓòÉΓòÉΓòÉΓòÉ
Gemini rate limited, retrying in 2s... (attempt 1/3)
Gemini rate limited, retrying in 4s... (attempt 2/3)
Gemini rate limited, retrying in 8s... (attempt 3/3)
Gemini error for PM-KISAN: GoogleGenerativeAIFetchError: 
[GoogleGenerativeAI Error]: Error fetching from https://generative
language.googleapis.com/v1beta/models/gemini-2.5-flash:generateCon
tent: [429 Too Many Requests] You exceeded your current quota, 
please check your plan and billing details. For more information 
on this error, head to: 
https://ai.google.dev/gemini-api/docs/rate-limits. To monitor 
your current usage, head to: https://ai.dev/rate-limit. 
* Quota exceeded for metric: generativelanguage.googleapis.com/gen
erate_content_free_tier_requests, limit: 20, model: 
gemini-2.5-flash
Please retry in 30.683183558s. [{"@type":"type.googleapis.com/goog
le.rpc.Help","links":[{"description":"Learn more about Gemini API 
quotas","url":"https://ai.google.dev/gemini-api/docs/rate-limits"}
]},{"@type":"type.googleapis.com/google.rpc.QuotaFailure","violati
ons":[{"quotaMetric":"generativelanguage.googleapis.com/generate_c
ontent_free_tier_requests","quotaId":"GenerateRequestsPerDayPerPro
jectPerModel-FreeTier","quotaDimensions":{"model":"gemini-2.5-flas
h","location":"global"},"quotaValue":"20"}]},{"@type":"type.google
apis.com/google.rpc.RetryInfo","retryDelay":"30s"}]
    at handleResponseNotOk (E:\schemesetu-ai\lib\node_modules\@goo
gle\generative-ai\dist\index.js:434:11)
    at process.processTicksAndRejections 
(node:internal/process/task_queues:105:5)
    at async makeRequest (E:\schemesetu-ai\lib\node_modules\@googl
e\generative-ai\dist\index.js:403:9)
    at async generateContent (E:\schemesetu-ai\lib\node_modules\@g
oogle\generative-ai\dist\index.js:867:22)
    at async retryGemini 
(E:\schemesetu-ai\lib\rag-pipeline.ts:73:14)
    at async queryMultiSchemeRAG 
(E:\schemesetu-ai\lib\rag-pipeline.ts:219:24)
    at async runTests 
(E:\schemesetu-ai\scripts\test-rag-and-api.ts:136:22) {
  status: 429,
  statusText: 'Too Many Requests',
  errorDetails: [
    { '@type': 'type.googleapis.com/google.rpc.Help', links: 
[Array] },
    {
      '@type': 'type.googleapis.com/google.rpc.QuotaFailure',
      violations: [Array]
    },
    {
      '@type': 'type.googleapis.com/google.rpc.RetryInfo',
      retryDelay: '30s'
    }
  ]
}
Gemini rate limited, retrying in 2s... (attempt 1/3)
Gemini rate limited, retrying in 4s... (attempt 2/3)
Gemini rate limited, retrying in 8s... (attempt 3/3)
Gemini error for PMAY-G (Awas Yojana): 
GoogleGenerativeAIFetchError: [GoogleGenerativeAI Error]: Error 
fetching from https://generativelanguage.googleapis.com/v1beta/mod
els/gemini-2.5-flash:generateContent: [429 Too Many Requests] You 
exceeded your current quota, please check your plan and billing 
details. For more information on this error, head to: 
https://ai.google.dev/gemini-api/docs/rate-limits. To monitor 
your current usage, head to: https://ai.dev/rate-limit. 
* Quota exceeded for metric: generativelanguage.googleapis.com/gen
erate_content_free_tier_requests, limit: 20, model: 
gemini-2.5-flash
Please retry in 39.658374644s. [{"@type":"type.googleapis.com/goog
le.rpc.Help","links":[{"description":"Learn more about Gemini API 
quotas","url":"https://ai.google.dev/gemini-api/docs/rate-limits"}
]},{"@type":"type.googleapis.com/google.rpc.QuotaFailure","violati
ons":[{"quotaMetric":"generativelanguage.googleapis.com/generate_c
ontent_free_tier_requests","quotaId":"GenerateRequestsPerDayPerPro
jectPerModel-FreeTier","quotaDimensions":{"model":"gemini-2.5-flas
h","location":"global"},"quotaValue":"20"}]},{"@type":"type.google
apis.com/google.rpc.RetryInfo","retryDelay":"39s"}]
    at handleResponseNotOk (E:\schemesetu-ai\lib\node_modules\@goo
gle\generative-ai\dist\index.js:434:11)
    at process.processTicksAndRejections 
(node:internal/process/task_queues:105:5)
    at async makeRequest (E:\schemesetu-ai\lib\node_modules\@googl
e\generative-ai\dist\index.js:403:9)
    at async generateContent (E:\schemesetu-ai\lib\node_modules\@g
oogle\generative-ai\dist\index.js:867:22)
    at async retryGemini 
(E:\schemesetu-ai\lib\rag-pipeline.ts:73:14)
    at async queryMultiSchemeRAG 
(E:\schemesetu-ai\lib\rag-pipeline.ts:219:24)
    at async runTests 
(E:\schemesetu-ai\scripts\test-rag-and-api.ts:136:22) {
  status: 429,
  statusText: 'Too Many Requests',
  errorDetails: [
    { '@type': 'type.googleapis.com/google.rpc.Help', links: 
[Array] },
    {
      '@type': 'type.googleapis.com/google.rpc.QuotaFailure',
      violations: [Array]
    },
    {
      '@type': 'type.googleapis.com/google.rpc.RetryInfo',
      retryDelay: '39s'
    }
  ]
}
Gemini rate limited, retrying in 2s... (attempt 1/3)
Gemini rate limited, retrying in 4s... (attempt 2/3)
Gemini rate limited, retrying in 8s... (attempt 3/3)
Gemini error for Ayushman Bharat (PMJAY): 
GoogleGenerativeAIFetchError: [GoogleGenerativeAI Error]: Error 
fetching from https://generativelanguage.googleapis.com/v1beta/mod
els/gemini-2.5-flash:generateContent: [429 Too Many Requests] You 
exceeded your current quota, please check your plan and billing 
details. For more information on this error, head to: 
https://ai.google.dev/gemini-api/docs/rate-limits. To monitor 
your current usage, head to: https://ai.dev/rate-limit. 
* Quota exceeded for metric: generativelanguage.googleapis.com/gen
erate_content_free_tier_requests, limit: 20, model: 
gemini-2.5-flash
Please retry in 6.766097925s. [{"@type":"type.googleapis.com/googl
e.rpc.Help","links":[{"description":"Learn more about Gemini API q
uotas","url":"https://ai.google.dev/gemini-api/docs/rate-limits"}]
},{"@type":"type.googleapis.com/google.rpc.QuotaFailure","violatio
ns":[{"quotaMetric":"generativelanguage.googleapis.com/generate_co
ntent_free_tier_requests","quotaId":"GenerateRequestsPerDayPerProj
ectPerModel-FreeTier","quotaDimensions":{"location":"global","mode
l":"gemini-2.5-flash"},"quotaValue":"20"}]},{"@type":"type.googlea
pis.com/google.rpc.RetryInfo","retryDelay":"6s"}]
    at handleResponseNotOk (E:\schemesetu-ai\lib\node_modules\@goo
gle\generative-ai\dist\index.js:434:11)
    at process.processTicksAndRejections 
(node:internal/process/task_queues:105:5)
    at async makeRequest (E:\schemesetu-ai\lib\node_modules\@googl
e\generative-ai\dist\index.js:403:9)
    at async generateContent (E:\schemesetu-ai\lib\node_modules\@g
oogle\generative-ai\dist\index.js:867:22)
    at async retryGemini 
(E:\schemesetu-ai\lib\rag-pipeline.ts:73:14)
    at async queryMultiSchemeRAG 
(E:\schemesetu-ai\lib\rag-pipeline.ts:219:24)
    at async runTests 
(E:\schemesetu-ai\scripts\test-rag-and-api.ts:136:22) {
  status: 429,
  statusText: 'Too Many Requests',
  errorDetails: [
    { '@type': 'type.googleapis.com/google.rpc.Help', links: 
[Array] },
    {
      '@type': 'type.googleapis.com/google.rpc.QuotaFailure',
      violations: [Array]
    },
    {
      '@type': 'type.googleapis.com/google.rpc.RetryInfo',
      retryDelay: '6s'
    }
  ]
}
